pass C: 120 batches
  10/120  b010 ok  148s
  20/120  b020 ok  183s
  30/120  b030 ok  189s
  40/120  b040 ok  202s
  50/120  b050 ok  211s
  60/120  b063 ok  232s
  70/120  b074 ok  236s
  80/120  b085 ok  246s
  90/120  b096 ok  259s
  100/120  b107 ok  266s
  110/120  b118 ok  276s
  120/120  b129 ok  285s
pass C done in 285s
pass C: 120 batches
  10/120  b010 cached  0s
  20/120  b020 ok  101s
  30/120  b030 ok  230s
  40/120  b040 ok  381s
  50/120  b050 ok  529s
  60/120  b063 ok  641s
  70/120  b074 ok  776s
  80/120  b085 ok  901s
  90/120  b096 ok  1021s
  100/120  b107 ok  1162s
  110/120  b118 ok  1301s
  120/120  b129 ok  1416s
pass C done in 1416s
attempt 1:      120/     119
